🤖 Iniciando AlertaSUS_2.0...
/content/AlertaSUS_2.0/AlertaSUS_2.0/main.py:1234: DeprecationWarning: There is no current event loop
  MAIN_LOOP = asyncio.get_event_loop()
2026-08-05 20:53:42,596 - apscheduler.scheduler - INFO - Adding job tentatively -- it will be properly scheduled when the scheduler starts
2026-08-05 20:53:42,596 - apscheduler.scheduler - INFO - Adding job tentatively -- it will be properly scheduled when the scheduler starts
⏰ Varreduras diárias configuradas para 08:00 e 18:00 (Fuso Teresina).
🚀 AlertaSUS 2.0 em execução com sucesso!
2026-08-05 20:53:44,713 - httpx - INFO - HTTP Request: POST https://api.telegram.org/bot8988706536:AAHBXyKEXmRYHjiwAw77Vk9Goxj1DSowjcI/getMe "HTTP/1.1 200 OK"
2026-08-05 20:53:44,953 - httpx - INFO - HTTP Request: POST https://api.telegram.org/bot8988706536:AAHBXyKEXmRYHjiwAw77Vk9Goxj1DSowjcI/setMyCommands "HTTP/1.1 200 OK"
2026-08-05 20:53:45,068 - httpx - INFO - HTTP Request: POST https://api.telegram.org/bot8988706536:AAHBXyKEXmRYHjiwAw77Vk9Goxj1DSowjcI/deleteWebhook "HTTP/1.1 200 OK"
2026-08-05 20:53:45,069 - apscheduler.scheduler - INFO - Added job "job_varredura_agendada" to job store "default"
2026-08-05 20:53:45,070 - apscheduler.scheduler - INFO - Added job "job_varredura_agendada" to job store "default"
2026-08-05 20:53:45,070 - apscheduler.scheduler - INFO - Scheduler started
2026-08-05 20:53:45,070 - telegram.ext.Application - INFO - Application started
2026-08-05 20:53:55,541 - httpx - INFO - HTTP Request: POST https://api.telegram.org/bot8988706536:AAHBXyKEXmRYHjiwAw77Vk9Goxj1DSowjcI/getUpdates "HTTP/1.1 200 OK"
2026-08-05 20:54:05,660 - httpx - INFO - HTTP Request: POST https://api.telegram.org/bot8988706536:AAHBXyKEXmRYHjiwAw77Vk9Goxj1DSowjcI/getUpdates "HTTP/1.1 200 OK"
2026-08-05 20:54:15,778 - httpx - INFO - HTTP Request: POST https://api.telegram.org/bot8988706536:AAHBXyKEXmRYHjiwAw77Vk9Goxj1DSowjcI/getUpdates "HTTP/1.1 200 OK"
2026-08-05 20:54:18,295 - httpx - INFO - HTTP Request: POST https://api.telegram.org/bot8988706536:AAHBXyKEXmRYHjiwAw77Vk9Goxj1DSowjcI/getUpdates "HTTP/1.1 200 OK"
2026-08-05 20:54:18,788 - httpx - INFO - HTTP Request: POST https://api.telegram.org/bot8988706536:AAHBXyKEXmRYHjiwAw77Vk9Goxj1DSowjcI/sendMessage "HTTP/1.1 200 OK"
2026-08-05 20:54:28,417 - httpx - INFO - HTTP Request: POST https://api.telegram.org/bot8988706536:AAHBXyKEXmRYHjiwAw77Vk9Goxj1DSowjcI/getUpdates "HTTP/1.1 200 OK"
2026-08-05 20:54:38,553 - httpx - INFO - HTTP Request: POST https://api.telegram.org/bot8988706536:AAHBXyKEXmRYHjiwAw77Vk9Goxj1DSowjcI/getUpdates "HTTP/1.1 200 OK"
2026-08-05 20:54:48,678 - httpx - INFO - HTTP Request: POST https://api.telegram.org/bot8988706536:AAHBXyKEXmRYHjiwAw77Vk9Goxj1DSowjcI/getUpdates "HTTP/1.1 200 OK"
2026-08-05 20:54:58,810 - httpx - INFO - HTTP Request: POST https://api.telegram.org/bot8988706536:AAHBXyKEXmRYHjiwAw77Vk9Goxj1DSowjcI/getUpdates "HTTP/1.1 200 OK"
2026-08-05 20:55:08,931 - httpx - INFO - HTTP Request: POST https://api.telegram.org/bot8988706536:AAHBXyKEXmRYHjiwAw77Vk9Goxj1DSowjcI/getUpdates "HTTP/1.1 200 OK"
2026-08-05 20:55:19,057 - httpx - INFO - HTTP Request: POST https://api.telegram.org/bot8988706536:AAHBXyKEXmRYHjiwAw77Vk9Goxj1DSowjcI/getUpdates "HTTP/1.1 200 OK"
2026-08-05 20:55:29,175 - httpx - INFO - HTTP Request: POST https://api.telegram.org/bot8988706536:AAHBXyKEXmRYHjiwAw77Vk9Goxj1DSowjcI/getUpdates "HTTP/1.1 200 OK"
2026-08-05 20:55:39,293 - httpx - INFO - HTTP Request: POST https://api.telegram.org/bot8988706536:AAHBXyKEXmRYHjiwAw77Vk9Goxj1DSowjcI/getUpdates "HTTP/1.1 200 OK"
2026-08-05 20:55:49,418 - httpx - INFO - HTTP Request: POST https://api.telegram.org/bot8988706536:AAHBXyKEXmRYHjiwAw77Vk9Goxj1DSowjcI/getUpdates "HTTP/1.1 200 OK"
2026-08-05 20:55:54,909 - httpx - INFO - HTTP Request: POST https://api.telegram.org/bot8988706536:AAHBXyKEXmRYHjiwAw77Vk9Goxj1DSowjcI/getUpdates "HTTP/1.1 200 OK"
2026-08-05 20:55:55,400 - httpx - INFO - HTTP Request: POST https://api.telegram.org/bot8988706536:AAHBXyKEXmRYHjiwAw77Vk9Goxj1DSowjcI/sendMessage "HTTP/1.1 200 OK"
2026-08-05 20:56:05,028 - httpx - INFO - HTTP Request: POST https://api.telegram.org/bot8988706536:AAHBXyKEXmRYHjiwAw77Vk9Goxj1DSowjcI/getUpdates "HTTP/1.1 200 OK"
2026-08-05 20:56:15,157 - httpx - INFO - HTTP Request: POST https://api.telegram.org/bot8988706536:AAHBXyKEXmRYHjiwAw77Vk9Goxj1DSowjcI/getUpdates "HTTP/1.1 200 OK"
2026-08-05 20:56:25,279 - httpx - INFO - HTTP Request: POST https://api.telegram.org/bot8988706536:AAHBXyKEXmRYHjiwAw77Vk9Goxj1DSowjcI/getUpdates "HTTP/1.1 200 OK"
2026-08-05 20:56:35,398 - httpx - INFO - HTTP Request: POST https://api.telegram.org/bot8988706536:AAHBXyKEXmRYHjiwAw77Vk9Goxj1DSowjcI/getUpdates "HTTP/1.1 200 OK"
2026-08-05 20:56:45,521 - httpx - INFO - HTTP Request: POST https://api.telegram.org/bot8988706536:AAHBXyKEXmRYHjiwAw77Vk9Goxj1DSowjcI/getUpdates "HTTP/1.1 200 OK"
2026-08-05 20:56:55,648 - httpx - INFO - HTTP Request: POST https://api.telegram.org/bot8988706536:AAHBXyKEXmRYHjiwAw77Vk9Goxj1DSowjcI/getUpdates "HTTP/1.1 200 OK"
2026-08-05 20:57:05,774 - httpx - INFO - HTTP Request: POST https://api.telegram.org/bot8988706536:AAHBXyKEXmRYHjiwAw77Vk9Goxj1DSowjcI/getUpdates "HTTP/1.1 200 OK"
2026-08-05 20:57:15,892 - httpx - INFO - HTTP Request: POST https://api.telegram.org/bot8988706536:AAHBXyKEXmRYHjiwAw77Vk9Goxj1DSowjcI/getUpdates "HTTP/1.1 200 OK"
2026-08-05 20:57:26,020 - httpx - INFO - HTTP Request: POST https://api.telegram.org/bot8988706536:AAHBXyKEXmRYHjiwAw77Vk9Goxj1DSowjcI/getUpdates "HTTP/1.1 200 OK"
2026-08-05 20:57:36,139 - httpx - INFO - HTTP Request: POST https://api.telegram.org/bot8988706536:AAHBXyKEXmRYHjiwAw77Vk9Goxj1DSowjcI/getUpdates "HTTP/1.1 200 OK"
2026-08-05 20:57:46,547 - httpx - INFO - HTTP Request: POST https://api.telegram.org/bot8988706536:AAHBXyKEXmRYHjiwAw77Vk9Goxj1DSowjcI/getUpdates "HTTP/1.1 200 OK"
2026-08-05 20:57:56,679 - httpx - INFO - HTTP Request: POST https://api.telegram.org/bot8988706536:AAHBXyKEXmRYHjiwAw77Vk9Goxj1DSowjcI/getUpdates "HTTP/1.1 200 OK"
2026-08-05 20:58:06,803 - httpx - INFO - HTTP Request: POST https://api.telegram.org/bot8988706536:AAHBXyKEXmRYHjiwAw77Vk9Goxj1DSowjcI/getUpdates "HTTP/1.1 200 OK"
2026-08-05 20:58:16,929 - httpx - INFO - HTTP Request: POST https://api.telegram.org/bot8988706536:AAHBXyKEXmRYHjiwAw77Vk9Goxj1DSowjcI/getUpdates "HTTP/1.1 200 OK"
2026-08-05 20:58:27,057 - httpx - INFO - HTTP Request: POST https://api.telegram.org/bot8988706536:AAHBXyKEXmRYHjiwAw77Vk9Goxj1DSowjcI/getUpdates "HTTP/1.1 200 OK"
2026-08-05 20:58:37,189 - httpx - INFO - HTTP Request: POST https://api.telegram.org/bot8988706536:AAHBXyKEXmRYHjiwAw77Vk9Goxj1DSowjcI/getUpdates "HTTP/1.1 200 OK"
2026-08-05 20:58:47,396 - httpx - INFO - HTTP Request: POST https://api.telegram.org/bot8988706536:AAHBXyKEXmRYHjiwAw77Vk9Goxj1DSowjcI/getUpdates "HTTP/1.1 200 OK"
2026-08-05 20:58:57,517 - httpx - INFO - HTTP Request: POST https://api.telegram.org/bot8988706536:AAHBXyKEXmRYHjiwAw77Vk9Goxj1DSowjcI/getUpdates "HTTP/1.1 200 OK"
2026-08-05 20:59:07,645 - httpx - INFO - HTTP Request: POST https://api.telegram.org/bot8988706536:AAHBXyKEXmRYHjiwAw77Vk9Goxj1DSowjcI/getUpdates "HTTP/1.1 200 OK"
2026-08-05 20:59:17,762 - httpx - INFO - HTTP Request: POST https://api.telegram.org/bot8988706536:AAHBXyKEXmRYHjiwAw77Vk9Goxj1DSowjcI/getUpdates "HTTP/1.1 200 OK"
2026-08-05 20:59:27,880 - httpx - INFO - HTTP Request: POST https://api.telegram.org/bot8988706536:AAHBXyKEXmRYHjiwAw77Vk9Goxj1DSowjcI/getUpdates "HTTP/1.1 200 OK"
2026-08-05 20:59:38,007 - httpx - INFO - HTTP Request: POST https://api.telegram.org/bot8988706536:AAHBXyKEXmRYHjiwAw77Vk9Goxj1DSowjcI/getUpdates "HTTP/1.1 200 OK"
2026-08-05 20:59:48,139 - httpx - INFO - HTTP Request: POST https://api.telegram.org/bot8988706536:AAHBXyKEXmRYHjiwAw77Vk9Goxj1DSowjcI/getUpdates "HTTP/1.1 200 OK"
2026-08-05 20:59:58,262 - httpx - INFO - HTTP Request: POST https://api.telegram.org/bot8988706536:AAHBXyKEXmRYHjiwAw77Vk9Goxj1DSowjcI/getUpdates "HTTP/1.1 200 OK"
2026-08-05 21:00:00,003 - apscheduler.executors.default - INFO - Running job "job_varredura_agendada (trigger: cron[day_of_week='sun,mon,tue,wed,thu,fri,sat', hour='18', minute='0', second='0'], next run at: 2026-08-06 18:00:00 -03)" (scheduled at 2026-08-05 18:00:00-03:00)
2026-08-05 21:00:00,003 - telegram.ext.Application - ERROR - No error handlers are registered, logging exception.
Traceback (most recent call last):
  File "/usr/local/lib/python3.12/dist-packages/telegram/ext/_jobqueue.py", line 1010, in _run
    await self.callback(context)
TypeError: object NoneType can't be used in 'await' expression
2026-08-05 21:00:00,004 - apscheduler.executors.default - INFO - Job "job_varredura_agendada (trigger: cron[day_of_week='sun,mon,tue,wed,thu,fri,sat', hour='18', minute='0', second='0'], next run at: 2026-08-06 18:00:00 -03)" executed successfully
2026-08-05 21:00:08,385 - httpx - INFO - HTTP Request: POST https://api.telegram.org/bot8988706536:AAHBXyKEXmRYHjiwAw77Vk9Goxj1DSowjcI/getUpdates "HTTP/1.1 200 OK"
2026-08-05 21:00:18,506 - httpx - INFO - HTTP Request: POST https://api.telegram.org/bot8988706536:AAHBXyKEXmRYHjiwAw77Vk9Goxj1DSowjcI/getUpdates "HTTP/1.1 200 OK"
2026-08-05 21:00:28,624 - httpx - INFO - HTTP Request: POST https://api.telegram.org/bot8988706536:AAHBXyKEXmRYHjiwAw77Vk9Goxj1DSowjcI/getUpdates "HTTP/1.1 200 OK"
2026-08-05 21:00:38,745 - httpx - INFO - HTTP Request: POST https://api.telegram.org/bot8988706536:AAHBXyKEXmRYHjiwAw77Vk9Goxj1DSowjcI/getUpdates "HTTP/1.1 200 OK"
2026-08-05 21:00:48,877 - httpx - INFO - HTTP Request: POST https://api.telegram.org/bot8988706536:AAHBXyKEXmRYHjiwAw77Vk9Goxj1DSowjcI/getUpdates "HTTP/1.1 200 OK"
2026-08-05 21:00:59,006 - httpx - INFO - HTTP Request: POST https://api.telegram.org/bot8988706536:AAHBXyKEXmRYHjiwAw77Vk9Goxj1DSowjcI/getUpdates "HTTP/1.1 200 OK"
2026-08-05 21:01:09,141 - httpx - INFO - HTTP Request: POST https://api.telegram.org/bot8988706536:AAHBXyKEXmRYHjiwAw77Vk9Goxj1DSowjcI/getUpdates "HTTP/1.1 200 OK"
2026-08-05 21:01:19,264 - httpx - INFO - HTTP Request: POST https://api.telegram.org/bot8988706536:AAHBXyKEXmRYHjiwAw77Vk9Goxj1DSowjcI/getUpdates "HTTP/1.1 200 OK"
2026-08-05 21:01:29,389 - httpx - INFO - HTTP Request: POST https://api.telegram.org/bot8988706536:AAHBXyKEXmRYHjiwAw77Vk9Goxj1DSowjcI/getUpdates "HTTP/1.1 200 OK"
2026-08-05 21:01:39,526 - httpx - INFO - HTTP Request: POST https://api.telegram.org/bot8988706536:AAHBXyKEXmRYHjiwAw77Vk9Goxj1DSowjcI/getUpdates "HTTP/1.1 200 OK"
2026-08-05 21:01:49,643 - httpx - INFO - HTTP Request: POST https://api.telegram.org/bot8988706536:AAHBXyKEXmRYHjiwAw77Vk9Goxj1DSowjcI/getUpdates "HTTP/1.1 200 OK"
2026-08-05 21:01:59,762 - httpx - INFO - HTTP Request: POST https://api.telegram.org/bot8988706536:AAHBXyKEXmRYHjiwAw77Vk9Goxj1DSowjcI/getUpdates "HTTP/1.1 200 OK"
2026-08-05 21:02:09,884 - httpx - INFO - HTTP Request: POST https://api.telegram.org/bot8988706536:AAHBXyKEXmRYHjiwAw77Vk9Goxj1DSowjcI/getUpdates "HTTP/1.1 200 OK"
2026-08-05 21:02:20,006 - httpx - INFO - HTTP Request: POST https://api.telegram.org/bot8988706536:AAHBXyKEXmRYHjiwAw77Vk9Goxj1DSowjcI/getUpdates "HTTP/1.1 200 OK"
2026-08-05 21:02:30,127 - httpx - INFO - HTTP Request: POST https://api.telegram.org/bot8988706536:AAHBXyKEXmRYHjiwAw77Vk9Goxj1DSowjcI/getUpdates "HTTP/1.1 200 OK"
2026-08-05 21:02:40,256 - httpx - INFO - HTTP Request: POST https://api.telegram.org/bot8988706536:AAHBXyKEXmRYHjiwAw77Vk9Goxj1DSowjcI/getUpdates "HTTP/1.1 200 OK"
2026-08-05 21:02:50,426 - httpx - INFO - HTTP Request: POST https://api.telegram.org/bot8988706536:AAHBXyKEXmRYHjiwAw77Vk9Goxj1DSowjcI/getUpdates "HTTP/1.1 200 OK"
2026-08-05 21:03:00,554 - httpx - INFO - HTTP Request: POST https://api.telegram.org/bot8988706536:AAHBXyKEXmRYHjiwAw77Vk9Goxj1DSowjcI/getUpdates "HTTP/1.1 200 OK"
2026-08-05 21:03:10,671 - httpx - INFO - HTTP Request: POST https://api.telegram.org/bot8988706536:AAHBXyKEXmRYHjiwAw77Vk9Goxj1DSowjcI/getUpdates "HTTP/1.1 200 OK"
2026-08-05 21:03:20,790 - httpx - INFO - HTTP Request: POST https://api.telegram.org/bot8988706536:AAHBXyKEXmRYHjiwAw77Vk9Goxj1DSowjcI/getUpdates "HTTP/1.1 200 OK"
2026-08-05 21:03:30,936 - httpx - INFO - HTTP Request: POST https://api.telegram.org/bot8988706536:AAHBXyKEXmRYHjiwAw77Vk9Goxj1DSowjcI/getUpdates "HTTP/1.1 200 OK"
2026-08-05 21:03:41,067 - httpx - INFO - HTTP Request: POST https://api.telegram.org/bot8988706536:AAHBXyKEXmRYHjiwAw77Vk9Goxj1DSowjcI/getUpdates "HTTP/1.1 200 OK"
2026-08-05 21:03:51,189 - httpx - INFO - HTTP Request: POST https://api.telegram.org/bot8988706536:AAHBXyKEXmRYHjiwAw77Vk9Goxj1DSowjcI/getUpdates "HTTP/1.1 200 OK"
2026-08-05 21:04:01,535 - httpx - INFO - HTTP Request: POST https://api.telegram.org/bot8988706536:AAHBXyKEXmRYHjiwAw77Vk9Goxj1DSowjcI/getUpdates "HTTP/1.1 200 OK"
2026-08-05 21:04:11,673 - httpx - INFO - HTTP Request: POST https://api.telegram.org/bot8988706536:AAHBXyKEXmRYHjiwAw77Vk9Goxj1DSowjcI/getUpdates "HTTP/1.1 200 OK"
2026-08-05 21:04:21,803 - httpx - INFO - HTTP Request: POST https://api.telegram.org/bot8988706536:AAHBXyKEXmRYHjiwAw77Vk9Goxj1DSowjcI/getUpdates "HTTP/1.1 200 OK"
2026-08-05 21:04:31,925 - httpx - INFO - HTTP Request: POST https://api.telegram.org/bot8988706536:AAHBXyKEXmRYHjiwAw77Vk9Goxj1DSowjcI/getUpdates "HTTP/1.1 200 OK"
2026-08-05 21:04:42,042 - httpx - INFO - HTTP Request: POST https://api.telegram.org/bot8988706536:AAHBXyKEXmRYHjiwAw77Vk9Goxj1DSowjcI/getUpdates "HTTP/1.1 200 OK"
2026-08-05 21:04:52,167 - httpx - INFO - HTTP Request: POST https://api.telegram.org/bot8988706536:AAHBXyKEXmRYHjiwAw77Vk9Goxj1DSowjcI/getUpdates "HTTP/1.1 200 OK"
2026-08-05 21:05:02,296 - httpx - INFO - HTTP Request: POST https://api.telegram.org/bot8988706536:AAHBXyKEXmRYHjiwAw77Vk9Goxj1DSowjcI/getUpdates "HTTP/1.1 200 OK"
2026-08-05 21:05:12,414 - httpx - INFO - HTTP Request: POST https://api.telegram.org/bot8988706536:AAHBXyKEXmRYHjiwAw77Vk9Goxj1DSowjcI/getUpdates "HTTP/1.1 200 OK"
2026-08-05 21:05:22,531 - httpx - INFO - HTTP Request: POST https://api.telegram.org/bot8988706536:AAHBXyKEXmRYHjiwAw77Vk9Goxj1DSowjcI/getUpdates "HTTP/1.1 200 OK"
2026-08-05 21:05:32,659 - httpx - INFO - HTTP Request: POST https://api.telegram.org/bot8988706536:AAHBXyKEXmRYHjiwAw77Vk9Goxj1DSowjcI/getUpdates "HTTP/1.1 200 OK"
2026-08-05 21:05:42,782 - httpx - INFO - HTTP Request: POST https://api.telegram.org/bot8988706536:AAHBXyKEXmRYHjiwAw77Vk9Goxj1DSowjcI/getUpdates "HTTP/1.1 200 OK"
2026-08-05 21:05:52,909 - httpx - INFO - HTTP Request: POST https://api.telegram.org/bot8988706536:AAHBXyKEXmRYHjiwAw77Vk9Goxj1DSowjcI/getUpdates "HTTP/1.1 200 OK"
2026-08-05 21:06:03,029 - httpx - INFO - HTTP Request: POST https://api.telegram.org/bot8988706536:AAHBXyKEXmRYHjiwAw77Vk9Goxj1DSowjcI/getUpdates "HTTP/1.1 200 OK"
2026-08-05 21:06:13,154 - httpx - INFO - HTTP Request: POST https://api.telegram.org/bot8988706536:AAHBXyKEXmRYHjiwAw77Vk9Goxj1DSowjcI/getUpdates "HTTP/1.1 200 OK"
2026-08-05 21:06:23,276 - httpx - INFO - HTTP Request: POST https://api.telegram.org/bot8988706536:AAHBXyKEXmRYHjiwAw77Vk9Goxj1DSowjcI/getUpdates "HTTP/1.1 200 OK"
2026-08-05 21:06:33,520 - httpx - INFO - HTTP Request: POST https://api.telegram.org/bot8988706536:AAHBXyKEXmRYHjiwAw77Vk9Goxj1DSowjcI/getUpdates "HTTP/1.1 200 OK"
2026-08-05 21:06:43,644 - httpx - INFO - HTTP Request: POST https://api.telegram.org/bot8988706536:AAHBXyKEXmRYHjiwAw77Vk9Goxj1DSowjcI/getUpdates "HTTP/1.1 200 OK"
2026-08-05 21:06:53,763 - httpx - INFO - HTTP Request: POST https://api.telegram.org/bot8988706536:AAHBXyKEXmRYHjiwAw77Vk9Goxj1DSowjcI/getUpdates "HTTP/1.1 200 OK"
2026-08-05 21:07:03,927 - httpx - INFO - HTTP Request: POST https://api.telegram.org/bot8988706536:AAHBXyKEXmRYHjiwAw77Vk9Goxj1DSowjcI/getUpdates "HTTP/1.1 200 OK"
2026-08-05 21:07:14,044 - httpx - INFO - HTTP Request: POST https://api.telegram.org/bot8988706536:AAHBXyKEXmRYHjiwAw77Vk9Goxj1DSowjcI/getUpdates "HTTP/1.1 200 OK"
2026-08-05 21:07:24,166 - httpx - INFO - HTTP Request: POST https://api.telegram.org/bot8988706536:AAHBXyKEXmRYHjiwAw77Vk9Goxj1DSowjcI/getUpdates "HTTP/1.1 200 OK"
2026-08-05 21:07:34,487 - httpx - INFO - HTTP Request: POST https://api.telegram.org/bot8988706536:AAHBXyKEXmRYHjiwAw77Vk9Goxj1DSowjcI/getUpdates "HTTP/1.1 200 OK"
2026-08-05 21:07:44,614 - httpx - INFO - HTTP Request: POST https://api.telegram.org/bot8988706536:AAHBXyKEXmRYHjiwAw77Vk9Goxj1DSowjcI/getUpdates "HTTP/1.1 200 OK"
2026-08-05 21:07:54,739 - httpx - INFO - HTTP Request: POST https://api.telegram.org/bot8988706536:AAHBXyKEXmRYHjiwAw77Vk9Goxj1DSowjcI/getUpdates "HTTP/1.1 200 OK"
2026-08-05 21:08:04,870 - httpx - INFO - HTTP Request: POST https://api.telegram.org/bot8988706536:AAHBXyKEXmRYHjiwAw77Vk9Goxj1DSowjcI/getUpdates "HTTP/1.1 200 OK"
2026-08-05 21:08:14,990 - httpx - INFO - HTTP Request: POST https://api.telegram.org/bot8988706536:AAHBXyKEXmRYHjiwAw77Vk9Goxj1DSowjcI/getUpdates "HTTP/1.1 200 OK"
2026-08-05 21:08:25,110 - httpx - INFO - HTTP Request: POST https://api.telegram.org/bot8988706536:AAHBXyKEXmRYHjiwAw77Vk9Goxj1DSowjcI/getUpdates "HTTP/1.1 200 OK"
2026-08-05 21:08:35,239 - httpx - INFO - HTTP Request: POST https://api.telegram.org/bot8988706536:AAHBXyKEXmRYHjiwAw77Vk9Goxj1DSowjcI/getUpdates "HTTP/1.1 200 OK"
2026-08-05 21:08:45,364 - httpx - INFO - HTTP Request: POST https://api.telegram.org/bot8988706536:AAHBXyKEXmRYHjiwAw77Vk9Goxj1DSowjcI/getUpdates "HTTP/1.1 200 OK"
2026-08-05 21:08:55,496 - httpx - INFO - HTTP Request: POST https://api.telegram.org/bot8988706536:AAHBXyKEXmRYHjiwAw77Vk9Goxj1DSowjcI/getUpdates "HTTP/1.1 200 OK"
2026-08-05 21:09:05,614 - httpx - INFO - HTTP Request: POST https://api.telegram.org/bot8988706536:AAHBXyKEXmRYHjiwAw77Vk9Goxj1DSowjcI/getUpdates "HTTP/1.1 200 OK"
2026-08-05 21:09:15,739 - httpx - INFO - HTTP Request: POST https://api.telegram.org/bot8988706536:AAHBXyKEXmRYHjiwAw77Vk9Goxj1DSowjcI/getUpdates "HTTP/1.1 200 OK"
2026-08-05 21:09:25,856 - httpx - INFO - HTTP Request: POST https://api.telegram.org/bot8988706536:AAHBXyKEXmRYHjiwAw77Vk9Goxj1DSowjcI/getUpdates "HTTP/1.1 200 OK"
2026-08-05 21:09:35,980 - httpx - INFO - HTTP Request: POST https://api.telegram.org/bot8988706536:AAHBXyKEXmRYHjiwAw77Vk9Goxj1DSowjcI/getUpdates "HTTP/1.1 200 OK"
2026-08-05 21:09:46,195 - httpx - INFO - HTTP Request: POST https://api.telegram.org/bot8988706536:AAHBXyKEXmRYHjiwAw77Vk9Goxj1DSowjcI/getUpdates "HTTP/1.1 200 OK"
2026-08-05 21:09:56,314 - httpx - INFO - HTTP Request: POST https://api.telegram.org/bot8988706536:AAHBXyKEXmRYHjiwAw77Vk9Goxj1DSowjcI/getUpdates "HTTP/1.1 200 OK"
2026-08-05 21:10:06,436 - httpx - INFO - HTTP Request: POST https://api.telegram.org/bot8988706536:AAHBXyKEXmRYHjiwAw77Vk9Goxj1DSowjcI/getUpdates "HTTP/1.1 200 OK"
2026-08-05 21:10:16,556 - httpx - INFO - HTTP Request: POST https://api.telegram.org/bot8988706536:AAHBXyKEXmRYHjiwAw77Vk9Goxj1DSowjcI/getUpdates "HTTP/1.1 200 OK"
2026-08-05 21:10:26,679 - httpx - INFO - HTTP Request: POST https://api.telegram.org/bot8988706536:AAHBXyKEXmRYHjiwAw77Vk9Goxj1DSowjcI/getUpdates "HTTP/1.1 200 OK"
2026-08-05 21:10:36,804 - httpx - INFO - HTTP Request: POST https://api.telegram.org/bot8988706536:AAHBXyKEXmRYHjiwAw77Vk9Goxj1DSowjcI/getUpdates "HTTP/1.1 200 OK"
2026-08-05 21:10:47,014 - httpx - INFO - HTTP Request: POST https://api.telegram.org/bot8988706536:AAHBXyKEXmRYHjiwAw77Vk9Goxj1DSowjcI/getUpdates "HTTP/1.1 200 OK"
2026-08-05 21:10:57,132 - httpx - INFO - HTTP Request: POST https://api.telegram.org/bot8988706536:AAHBXyKEXmRYHjiwAw77Vk9Goxj1DSowjcI/getUpdates "HTTP/1.1 200 OK"
2026-08-05 21:11:07,249 - httpx - INFO - HTTP Request: POST https://api.telegram.org/bot8988706536:AAHBXyKEXmRYHjiwAw77Vk9Goxj1DSowjcI/getUpdates "HTTP/1.1 200 OK"
2026-08-05 21:11:17,382 - httpx - INFO - HTTP Request: POST https://api.telegram.org/bot8988706536:AAHBXyKEXmRYHjiwAw77Vk9Goxj1DSowjcI/getUpdates "HTTP/1.1 200 OK"
2026-08-05 21:11:27,508 - httpx - INFO - HTTP Request: POST https://api.telegram.org/bot8988706536:AAHBXyKEXmRYHjiwAw77Vk9Goxj1DSowjcI/getUpdates "HTTP/1.1 200 OK"
2026-08-05 21:11:37,634 - httpx - INFO - HTTP Request: POST https://api.telegram.org/bot8988706536:AAHBXyKEXmRYHjiwAw77Vk9Goxj1DSowjcI/getUpdates "HTTP/1.1 200 OK"
2026-08-05 21:11:47,762 - httpx - INFO - HTTP Request: POST https://api.telegram.org/bot8988706536:AAHBXyKEXmRYHjiwAw77Vk9Goxj1DSowjcI/getUpdates "HTTP/1.1 200 OK"
2026-08-05 21:11:57,890 - httpx - INFO - HTTP Request: POST https://api.telegram.org/bot8988706536:AAHBXyKEXmRYHjiwAw77Vk9Goxj1DSowjcI/getUpdates "HTTP/1.1 200 OK"
2026-08-05 21:12:08,029 - httpx - INFO - HTTP Request: POST https://api.telegram.org/bot8988706536:AAHBXyKEXmRYHjiwAw77Vk9Goxj1DSowjcI/getUpdates "HTTP/1.1 200 OK"
2026-08-05 21:12:18,147 - httpx - INFO - HTTP Request: POST https://api.telegram.org/bot8988706536:AAHBXyKEXmRYHjiwAw77Vk9Goxj1DSowjcI/getUpdates "HTTP/1.1 200 OK"
2026-08-05 21:12:28,268 - httpx - INFO - HTTP Request: POST https://api.telegram.org/bot8988706536:AAHBXyKEXmRYHjiwAw77Vk9Goxj1DSowjcI/getUpdates "HTTP/1.1 200 OK"
2026-08-05 21:12:38,396 - httpx - INFO - HTTP Request: POST https://api.telegram.org/bot8988706536:AAHBXyKEXmRYHjiwAw77Vk9Goxj1DSowjcI/getUpdates "HTTP/1.1 200 OK"
2026-08-05 21:12:48,514 - httpx - INFO - HTTP Request: POST https://api.telegram.org/bot8988706536:AAHBXyKEXmRYHjiwAw77Vk9Goxj1DSowjcI/getUpdates "HTTP/1.1 200 OK"
2026-08-05 21:12:58,641 - httpx - INFO - HTTP Request: POST https://api.telegram.org/bot8988706536:AAHBXyKEXmRYHjiwAw77Vk9Goxj1DSowjcI/getUpdates "HTTP/1.1 200 OK"
2026-08-05 21:13:08,801 - httpx - INFO - HTTP Request: POST https://api.telegram.org/bot8988706536:AAHBXyKEXmRYHjiwAw77Vk9Goxj1DSowjcI/getUpdates "HTTP/1.1 200 OK"
2026-08-05 21:13:19,204 - httpx - INFO - HTTP Request: POST https://api.telegram.org/bot8988706536:AAHBXyKEXmRYHjiwAw77Vk9Goxj1DSowjcI/getUpdates "HTTP/1.1 200 OK"
2026-08-05 21:13:29,342 - httpx - INFO - HTTP Request: POST https://api.telegram.org/bot8988706536:AAHBXyKEXmRYHjiwAw77Vk9Goxj1DSowjcI/getUpdates "HTTP/1.1 200 OK"
2026-08-05 21:13:39,465 - httpx - INFO - HTTP Request: POST https://api.telegram.org/bot8988706536:AAHBXyKEXmRYHjiwAw77Vk9Goxj1DSowjcI/getUpdates "HTTP/1.1 200 OK"
2026-08-05 21:13:49,589 - httpx - INFO - HTTP Request: POST https://api.telegram.org/bot8988706536:AAHBXyKEXmRYHjiwAw77Vk9Goxj1DSowjcI/getUpdates "HTTP/1.1 200 OK"
2026-08-05 21:13:59,706 - httpx - INFO - HTTP Request: POST https://api.telegram.org/bot8988706536:AAHBXyKEXmRYHjiwAw77Vk9Goxj1DSowjcI/getUpdates "HTTP/1.1 200 OK"
2026-08-05 21:14:09,823 - httpx - INFO - HTTP Request: POST https://api.telegram.org/bot8988706536:AAHBXyKEXmRYHjiwAw77Vk9Goxj1DSowjcI/getUpdates "HTTP/1.1 200 OK"
2026-08-05 21:14:19,942 - httpx - INFO - HTTP Request: POST https://api.telegram.org/bot8988706536:AAHBXyKEXmRYHjiwAw77Vk9Goxj1DSowjcI/getUpdates "HTTP/1.1 200 OK"
2026-08-05 21:14:30,066 - httpx - INFO - HTTP Request: POST https://api.telegram.org/bot8988706536:AAHBXyKEXmRYHjiwAw77Vk9Goxj1DSowjcI/getUpdates "HTTP/1.1 200 OK"
2026-08-05 21:14:40,181 - httpx - INFO - HTTP Request: POST https://api.telegram.org/bot8988706536:AAHBXyKEXmRYHjiwAw77Vk9Goxj1DSowjcI/getUpdates "HTTP/1.1 200 OK"
2026-08-05 21:14:50,303 - httpx - INFO - HTTP Request: POST https://api.telegram.org/bot8988706536:AAHBXyKEXmRYHjiwAw77Vk9Goxj1DSowjcI/getUpdates "HTTP/1.1 200 OK"
2026-08-05 21:15:00,422 - httpx - INFO - HTTP Request: POST https://api.telegram.org/bot8988706536:AAHBXyKEXmRYHjiwAw77Vk9Goxj1DSowjcI/getUpdates "HTTP/1.1 200 OK"
2026-08-05 21:15:10,570 - httpx - INFO - HTTP Request: POST https://api.telegram.org/bot8988706536:AAHBXyKEXmRYHjiwAw77Vk9Goxj1DSowjcI/getUpdates "HTTP/1.1 200 OK"
2026-08-05 21:15:20,699 - httpx - INFO - HTTP Request: POST https://api.telegram.org/bot8988706536:AAHBXyKEXmRYHjiwAw77Vk9Goxj1DSowjcI/getUpdates "HTTP/1.1 200 OK"
2026-08-05 21:15:30,823 - httpx - INFO - HTTP Request: POST https://api.telegram.org/bot8988706536:AAHBXyKEXmRYHjiwAw77Vk9Goxj1DSowjcI/getUpdates "HTTP/1.1 200 OK"
2026-08-05 21:15:40,944 - httpx - INFO - HTTP Request: POST https://api.telegram.org/bot8988706536:AAHBXyKEXmRYHjiwAw77Vk9Goxj1DSowjcI/getUpdates "HTTP/1.1 200 OK"
2026-08-05 21:15:51,060 - httpx - INFO - HTTP Request: POST https://api.telegram.org/bot8988706536:AAHBXyKEXmRYHjiwAw77Vk9Goxj1DSowjcI/getUpdates "HTTP/1.1 200 OK"
2026-08-05 21:16:01,226 - httpx - INFO - HTTP Request: POST https://api.telegram.org/bot8988706536:AAHBXyKEXmRYHjiwAw77Vk9Goxj1DSowjcI/getUpdates "HTTP/1.1 200 OK"
2026-08-05 21:16:11,382 - httpx - INFO - HTTP Request: POST https://api.telegram.org/bot8988706536:AAHBXyKEXmRYHjiwAw77Vk9Goxj1DSowjcI/getUpdates "HTTP/1.1 200 OK"
2026-08-05 21:16:21,506 - httpx - INFO - HTTP Request: POST https://api.telegram.org/bot8988706536:AAHBXyKEXmRYHjiwAw77Vk9Goxj1DSowjcI/getUpdates "HTTP/1.1 200 OK"
2026-08-05 21:16:31,628 - httpx - INFO - HTTP Request: POST https://api.telegram.org/bot8988706536:AAHBXyKEXmRYHjiwAw77Vk9Goxj1DSowjcI/getUpdates "HTTP/1.1 200 OK"
2026-08-05 21:16:41,746 - httpx - INFO - HTTP Request: POST https://api.telegram.org/bot8988706536:AAHBXyKEXmRYHjiwAw77Vk9Goxj1DSowjcI/getUpdates "HTTP/1.1 200 OK"
2026-08-05 21:16:51,874 - httpx - INFO - HTTP Request: POST https://api.telegram.org/bot8988706536:AAHBXyKEXmRYHjiwAw77Vk9Goxj1DSowjcI/getUpdates "HTTP/1.1 200 OK"
2026-08-05 21:17:02,005 - httpx - INFO - HTTP Request: POST https://api.telegram.org/bot8988706536:AAHBXyKEXmRYHjiwAw77Vk9Goxj1DSowjcI/getUpdates "HTTP/1.1 200 OK"
2026-08-05 21:17:12,125 - httpx - INFO - HTTP Request: POST https://api.telegram.org/bot8988706536:AAHBXyKEXmRYHjiwAw77Vk9Goxj1DSowjcI/getUpdates "HTTP/1.1 200 OK"
2026-08-05 21:17:22,255 - httpx - INFO - HTTP Request: POST https://api.telegram.org/bot8988706536:AAHBXyKEXmRYHjiwAw77Vk9Goxj1DSowjcI/getUpdates "HTTP/1.1 200 OK"
